<html>
<body>
<pre>
<h1>µVision Build Log</h1>
<h2>Project:</h2>
C:\Users\Giuliano\Documents\KEIL\RTSD_project\Blinky.uvproj
Project File Date:  12/02/2020

<h2>Output:</h2>
Rebuild target 'STM32F103 Simulator'
assembling startup_stm32f10x_md.s...
compiling system_stm32f10x.c...
compiling Retarget.c...
compiling Blinky.c...
Blinky.c(81): warning:  #177-D: variable "i" was declared but never referenced
linking...
Program Size: Code=804 RO-data=268 RW-data=24 ZI-data=1024  
".\Obj\Blinky.axf" - 0 Error(s), 1 Warning(s).
Rebuild target 'STM32F103 Simulator'
assembling startup_stm32f10x_md.s...
compiling system_stm32f10x.c...
compiling Retarget.c...
compiling Blinky.c...
Blinky.c(81): warning:  #177-D: variable "i" was declared but never referenced
compiling lever.c...
linking...
Program Size: Code=804 RO-data=268 RW-data=24 ZI-data=1024  
".\Obj\Blinky.axf" - 0 Error(s), 1 Warning(s).
Rebuild target 'STM32F103 Simulator'
assembling startup_stm32f10x_md.s...
compiling system_stm32f10x.c...
compiling Retarget.c...
compiling Blinky.c...
lever.h(32): warning:  #1-D: last line of file ends without a newline
Blinky.c(41): warning:  #177-D: variable "i" was declared but never referenced
compiling lever.c...
lever.h(32): warning:  #1-D: last line of file ends without a newline
lever.c(2): error:  #5: cannot open source input file "stm32f10x_it.h": No such file or directory
Target not created
Rebuild target 'STM32F103 Simulator'
assembling startup_stm32f10x_md.s...
compiling system_stm32f10x.c...
compiling Retarget.c...
compiling Blinky.c...
Blinky.c(41): warning:  #177-D: variable "i" was declared but never referenced
compiling lever.c...
lever.c(2): error:  #5: cannot open source input file "stm32f10x_it.h": No such file or directory
Target not created
Rebuild target 'STM32F103 Simulator'
assembling startup_stm32f10x_md.s...
compiling system_stm32f10x.c...
compiling Retarget.c...
compiling Blinky.c...
Blinky.c(41): warning:  #177-D: variable "i" was declared but never referenced
compiling lever.c...
linking...
Program Size: Code=808 RO-data=268 RW-data=24 ZI-data=1024  
".\Obj\Blinky.axf" - 0 Error(s), 1 Warning(s).
