<html>
<body>
<pre>
<h1>µVision Build Log</h1>
<h2>Project:</h2>
C:\Users\stefa\Documents\Code\RTSD_project\Blinky.uvproj
Project File Date:  11/27/2020

<h2>Output:</h2>
Rebuild target 'STM32F103 Simulator'
assembling startup_stm32f10x_md.s...
compiling system_stm32f10x.c...
compiling Retarget.c...
compiling Blinky.c...
linking...
Program Size: Code=676 RO-data=268 RW-data=24 ZI-data=1024  
".\Obj\Blinky.axf" - 0 Error(s), 0 Warning(s).
Rebuild target 'STM32F103 Simulator'
assembling startup_stm32f10x_md.s...
compiling system_stm32f10x.c...
compiling Retarget.c...
compiling Blinky.c...
linking...
Program Size: Code=676 RO-data=268 RW-data=24 ZI-data=1024  
".\Obj\Blinky.axf" - 0 Error(s), 0 Warning(s).
Rebuild target 'STM32F103 Simulator'
assembling startup_stm32f10x_md.s...
compiling system_stm32f10x.c...
compiling Retarget.c...
compiling Blinky.c...
linking...
Program Size: Code=676 RO-data=268 RW-data=24 ZI-data=1024  
".\Obj\Blinky.axf" - 0 Error(s), 0 Warning(s).
Rebuild target 'STM32F103 Simulator'
assembling startup_stm32f10x_md.s...
compiling system_stm32f10x.c...
compiling Retarget.c...
compiling Blinky.c...
linking...
Program Size: Code=676 RO-data=268 RW-data=24 ZI-data=1024  
".\Obj\Blinky.axf" - 0 Error(s), 0 Warning(s).
Rebuild target 'STM32F103 Simulator'
assembling startup_stm32f10x_md.s...
compiling system_stm32f10x.c...
compiling Retarget.c...
compiling Blinky.c...
linking...
Program Size: Code=676 RO-data=268 RW-data=24 ZI-data=1024  
".\Obj\Blinky.axf" - 0 Error(s), 0 Warning(s).
Rebuild target 'STM32F103 Simulator'
assembling startup_stm32f10x_md.s...
compiling system_stm32f10x.c...
compiling Retarget.c...
compiling Blinky.c...
linking...
Program Size: Code=680 RO-data=268 RW-data=24 ZI-data=1024  
".\Obj\Blinky.axf" - 0 Error(s), 0 Warning(s).
Rebuild target 'STM32F103 Simulator'
assembling startup_stm32f10x_md.s...
compiling system_stm32f10x.c...
compiling Retarget.c...
compiling Blinky.c...
linking...
Program Size: Code=680 RO-data=268 RW-data=24 ZI-data=1024  
".\Obj\Blinky.axf" - 0 Error(s), 0 Warning(s).
Rebuild target 'STM32F103 Simulator'
assembling startup_stm32f10x_md.s...
compiling system_stm32f10x.c...
compiling Retarget.c...
compiling Blinky.c...
linking...
Program Size: Code=680 RO-data=268 RW-data=24 ZI-data=1024  
".\Obj\Blinky.axf" - 0 Error(s), 0 Warning(s).
Rebuild target 'STM32F103 Simulator'
assembling startup_stm32f10x_md.s...
compiling system_stm32f10x.c...
compiling Retarget.c...
compiling Blinky.c...
linking...
Program Size: Code=680 RO-data=268 RW-data=24 ZI-data=1024  
".\Obj\Blinky.axf" - 0 Error(s), 0 Warning(s).
Rebuild target 'STM32F103 Simulator'
assembling startup_stm32f10x_md.s...
compiling system_stm32f10x.c...
compiling Retarget.c...
compiling Blinky.c...
linking...
Program Size: Code=676 RO-data=268 RW-data=24 ZI-data=1024  
".\Obj\Blinky.axf" - 0 Error(s), 0 Warning(s).
Rebuild target 'STM32F103 Simulator'
assembling startup_stm32f10x_md.s...
compiling system_stm32f10x.c...
compiling Retarget.c...
compiling Blinky.c...
linking...
Program Size: Code=684 RO-data=268 RW-data=24 ZI-data=1024  
".\Obj\Blinky.axf" - 0 Error(s), 0 Warning(s).
Rebuild target 'STM32F103 Simulator'
assembling startup_stm32f10x_md.s...
compiling system_stm32f10x.c...
compiling Retarget.c...
compiling Blinky.c...
linking...
Program Size: Code=708 RO-data=268 RW-data=24 ZI-data=1024  
".\Obj\Blinky.axf" - 0 Error(s), 0 Warning(s).
Rebuild target 'STM32F103 Simulator'
assembling startup_stm32f10x_md.s...
compiling system_stm32f10x.c...
compiling Retarget.c...
compiling Blinky.c...
linking...
Program Size: Code=708 RO-data=268 RW-data=24 ZI-data=1024  
".\Obj\Blinky.axf" - 0 Error(s), 0 Warning(s).
Rebuild target 'STM32F103 Simulator'
assembling startup_stm32f10x_md.s...
compiling system_stm32f10x.c...
compiling Retarget.c...
compiling Blinky.c...
linking...
Program Size: Code=712 RO-data=268 RW-data=24 ZI-data=1024  
".\Obj\Blinky.axf" - 0 Error(s), 0 Warning(s).
Rebuild target 'STM32F103 Simulator'
assembling startup_stm32f10x_md.s...
compiling system_stm32f10x.c...
compiling Retarget.c...
compiling Blinky.c...
Blinky.c(48): warning:  #177-D: variable "i" was declared but never referenced
Blinky.c(73): error: At end of source:  #67: expected a "}"
Target not created
Rebuild target 'STM32F103 Simulator'
assembling startup_stm32f10x_md.s...
compiling system_stm32f10x.c...
compiling Retarget.c...
compiling Blinky.c...
Blinky.c(48): warning:  #177-D: variable "i" was declared but never referenced
linking...
Program Size: Code=716 RO-data=268 RW-data=24 ZI-data=1024  
".\Obj\Blinky.axf" - 0 Error(s), 1 Warning(s).
Rebuild target 'STM32F103 Simulator'
assembling startup_stm32f10x_md.s...
compiling system_stm32f10x.c...
compiling Retarget.c...
compiling Blinky.c...
Blinky.c(48): warning:  #177-D: variable "i" was declared but never referenced
linking...
Program Size: Code=720 RO-data=268 RW-data=24 ZI-data=1024  
".\Obj\Blinky.axf" - 0 Error(s), 1 Warning(s).
Rebuild target 'STM32F103 Simulator'
assembling startup_stm32f10x_md.s...
compiling system_stm32f10x.c...
compiling Retarget.c...
compiling Blinky.c...
Blinky.c(84): warning:  #177-D: variable "i" was declared but never referenced
linking...
Program Size: Code=728 RO-data=268 RW-data=24 ZI-data=1024  
".\Obj\Blinky.axf" - 0 Error(s), 1 Warning(s).
Rebuild target 'STM32F103 Simulator'
assembling startup_stm32f10x_md.s...
compiling system_stm32f10x.c...
compiling Retarget.c...
compiling Blinky.c...
Blinky.c(81): warning:  #177-D: variable "i" was declared but never referenced
linking...
Program Size: Code=840 RO-data=268 RW-data=24 ZI-data=1024  
".\Obj\Blinky.axf" - 0 Error(s), 1 Warning(s).
Rebuild target 'STM32F103 Simulator'
assembling startup_stm32f10x_md.s...
compiling system_stm32f10x.c...
compiling Retarget.c...
compiling Blinky.c...
Blinky.c(81): warning:  #177-D: variable "i" was declared but never referenced
linking...
Program Size: Code=840 RO-data=268 RW-data=24 ZI-data=1024  
".\Obj\Blinky.axf" - 0 Error(s), 1 Warning(s).
Rebuild target 'STM32F103 Simulator'
assembling startup_stm32f10x_md.s...
compiling system_stm32f10x.c...
compiling Retarget.c...
compiling Blinky.c...
Blinky.c(81): warning:  #177-D: variable "i" was declared but never referenced
linking...
Program Size: Code=840 RO-data=268 RW-data=24 ZI-data=1024  
".\Obj\Blinky.axf" - 0 Error(s), 1 Warning(s).
Rebuild target 'STM32F103 Simulator'
assembling startup_stm32f10x_md.s...
compiling system_stm32f10x.c...
compiling Retarget.c...
compiling Blinky.c...
Blinky.c(99): warning:  #223-D: function "printf" declared implicitly
Blinky.c(99): warning:  #2548-D: multicharacter character literal (potential portability problem)
Blinky.c(81): warning:  #177-D: variable "i" was declared but never referenced
linking...
Program Size: Code=4412 RO-data=268 RW-data=28 ZI-data=1028  
".\Obj\Blinky.axf" - 0 Error(s), 3 Warning(s).
Rebuild target 'STM32F103 Simulator'
assembling startup_stm32f10x_md.s...
compiling system_stm32f10x.c...
compiling Retarget.c...
compiling Blinky.c...
Blinky.c(99): error:  #268: declaration may not appear after executable statement in block
Blinky.c(100): warning:  #223-D: function "printf" declared implicitly
Blinky.c(81): warning:  #177-D: variable "i" was declared but never referenced
Target not created
Rebuild target 'STM32F103 Simulator'
assembling startup_stm32f10x_md.s...
compiling system_stm32f10x.c...
compiling Retarget.c...
compiling Blinky.c...
Blinky.c(82): warning:  #177-D: variable "i" was declared but never referenced
linking...
Program Size: Code=848 RO-data=268 RW-data=28 ZI-data=1028  
".\Obj\Blinky.axf" - 0 Error(s), 1 Warning(s).
Rebuild target 'STM32F103 Simulator'
assembling startup_stm32f10x_md.s...
compiling system_stm32f10x.c...
compiling Retarget.c...
compiling Blinky.c...
Blinky.c(82): warning:  #177-D: variable "i" was declared but never referenced
linking...
Program Size: Code=856 RO-data=268 RW-data=28 ZI-data=1028  
".\Obj\Blinky.axf" - 0 Error(s), 1 Warning(s).
Rebuild target 'STM32F103 Simulator'
assembling startup_stm32f10x_md.s...
compiling system_stm32f10x.c...
compiling Retarget.c...
compiling Blinky.c...
Blinky.c(82): warning:  #177-D: variable "i" was declared but never referenced
linking...
Program Size: Code=852 RO-data=268 RW-data=28 ZI-data=1028  
".\Obj\Blinky.axf" - 0 Error(s), 1 Warning(s).
Rebuild target 'STM32F103 Simulator'
assembling startup_stm32f10x_md.s...
compiling system_stm32f10x.c...
compiling Retarget.c...
compiling Blinky.c...
Blinky.c(82): warning:  #177-D: variable "i" was declared but never referenced
linking...
Program Size: Code=812 RO-data=268 RW-data=24 ZI-data=1024  
".\Obj\Blinky.axf" - 0 Error(s), 1 Warning(s).
Rebuild target 'STM32F103 Simulator'
assembling startup_stm32f10x_md.s...
compiling system_stm32f10x.c...
compiling Retarget.c...
compiling Blinky.c...
Blinky.c(81): warning:  #177-D: variable "i" was declared but never referenced
linking...
Program Size: Code=824 RO-data=268 RW-data=24 ZI-data=1024  
".\Obj\Blinky.axf" - 0 Error(s), 1 Warning(s).
Rebuild target 'STM32F103 Simulator'
assembling startup_stm32f10x_md.s...
compiling system_stm32f10x.c...
compiling Retarget.c...
compiling Blinky.c...
Blinky.c(81): warning:  #177-D: variable "i" was declared but never referenced
linking...
Program Size: Code=820 RO-data=268 RW-data=24 ZI-data=1024  
".\Obj\Blinky.axf" - 0 Error(s), 1 Warning(s).
Rebuild target 'STM32F103 Simulator'
assembling startup_stm32f10x_md.s...
compiling system_stm32f10x.c...
compiling Retarget.c...
compiling Blinky.c...
Blinky.c(81): warning:  #177-D: variable "i" was declared but never referenced
linking...
Program Size: Code=820 RO-data=268 RW-data=24 ZI-data=1024  
".\Obj\Blinky.axf" - 0 Error(s), 1 Warning(s).
Rebuild target 'STM32F103 Simulator'
assembling startup_stm32f10x_md.s...
compiling system_stm32f10x.c...
compiling Retarget.c...
compiling Blinky.c...
Blinky.c(81): warning:  #177-D: variable "i" was declared but never referenced
linking...
Program Size: Code=820 RO-data=268 RW-data=24 ZI-data=1024  
".\Obj\Blinky.axf" - 0 Error(s), 1 Warning(s).
Rebuild target 'STM32F103 Simulator'
assembling startup_stm32f10x_md.s...
compiling system_stm32f10x.c...
compiling Retarget.c...
compiling Blinky.c...
Blinky.c(81): warning:  #177-D: variable "i" was declared but never referenced
linking...
Program Size: Code=812 RO-data=268 RW-data=24 ZI-data=1024  
".\Obj\Blinky.axf" - 0 Error(s), 1 Warning(s).
Rebuild target 'STM32F103 Simulator'
assembling startup_stm32f10x_md.s...
compiling system_stm32f10x.c...
compiling Retarget.c...
compiling Blinky.c...
Blinky.c(81): warning:  #177-D: variable "i" was declared but never referenced
linking...
Program Size: Code=812 RO-data=268 RW-data=24 ZI-data=1024  
".\Obj\Blinky.axf" - 0 Error(s), 1 Warning(s).
Rebuild target 'STM32F103 Simulator'
assembling startup_stm32f10x_md.s...
compiling system_stm32f10x.c...
compiling Retarget.c...
compiling Blinky.c...
Blinky.c(81): warning:  #177-D: variable "i" was declared but never referenced
linking...
Program Size: Code=804 RO-data=268 RW-data=24 ZI-data=1024  
".\Obj\Blinky.axf" - 0 Error(s), 1 Warning(s).
Rebuild target 'STM32F103 Simulator'
assembling startup_stm32f10x_md.s...
compiling system_stm32f10x.c...
compiling Retarget.c...
compiling Blinky.c...
Blinky.c(81): warning:  #177-D: variable "i" was declared but never referenced
linking...
Program Size: Code=804 RO-data=268 RW-data=24 ZI-data=1024  
".\Obj\Blinky.axf" - 0 Error(s), 1 Warning(s).
Rebuild target 'STM32F103 Simulator'
assembling startup_stm32f10x_md.s...
compiling system_stm32f10x.c...
compiling Retarget.c...
compiling Blinky.c...
Blinky.c(81): warning:  #177-D: variable "i" was declared but never referenced
linking...
Program Size: Code=804 RO-data=268 RW-data=24 ZI-data=1024  
".\Obj\Blinky.axf" - 0 Error(s), 1 Warning(s).
Rebuild target 'STM32F103 Simulator'
assembling startup_stm32f10x_md.s...
compiling system_stm32f10x.c...
compiling Retarget.c...
compiling Blinky.c...
Blinky.c(81): warning:  #177-D: variable "i" was declared but never referenced
linking...
Program Size: Code=804 RO-data=268 RW-data=24 ZI-data=1024  
".\Obj\Blinky.axf" - 0 Error(s), 1 Warning(s).
